Archive member included to satisfy reference by file (symbol)

/usr/lib/gcc/arm-none-eabi/11.2.0/../../../../arm-none-eabi/lib/thumb/v7e-m+fp/hard/libc_nano.a(lib_a-atexit.o)
                              /usr/lib/gcc/arm-none-eabi/11.2.0/../../../../arm-none-eabi/lib/thumb/v7e-m+fp/hard/crt0.o (atexit)
/usr/lib/gcc/arm-none-eabi/11.2.0/../../../../arm-none-eabi/lib/thumb/v7e-m+fp/hard/libc_nano.a(lib_a-exit.o)
                              /usr/lib/gcc/arm-none-eabi/11.2.0/../../../../arm-none-eabi/lib/thumb/v7e-m+fp/hard/crt0.o (exit)
/usr/lib/gcc/arm-none-eabi/11.2.0/../../../../arm-none-eabi/lib/thumb/v7e-m+fp/hard/libc_nano.a(lib_a-fini.o)
                              /usr/lib/gcc/arm-none-eabi/11.2.0/../../../../arm-none-eabi/lib/thumb/v7e-m+fp/hard/crt0.o (__libc_fini_array)
/usr/lib/gcc/arm-none-eabi/11.2.0/../../../../arm-none-eabi/lib/thumb/v7e-m+fp/hard/libc_nano.a(lib_a-impure.o)
                              /usr/lib/gcc/arm-none-eabi/11.2.0/../../../../arm-none-eabi/lib/thumb/v7e-m+fp/hard/libc_nano.a(lib_a-exit.o) (_global_impure_ptr)
/usr/lib/gcc/arm-none-eabi/11.2.0/../../../../arm-none-eabi/lib/thumb/v7e-m+fp/hard/libc_nano.a(lib_a-init.o)
                              /usr/lib/gcc/arm-none-eabi/11.2.0/../../../../arm-none-eabi/lib/thumb/v7e-m+fp/hard/crt0.o (__libc_init_array)
/usr/lib/gcc/arm-none-eabi/11.2.0/../../../../arm-none-eabi/lib/thumb/v7e-m+fp/hard/libc_nano.a(lib_a-memcpy-stub.o)
                              _build/nrf52840_xxaa/nrf_memobj.c.o (memcpy)
/usr/lib/gcc/arm-none-eabi/11.2.0/../../../../arm-none-eabi/lib/thumb/v7e-m+fp/hard/libc_nano.a(lib_a-memset.o)
                              /usr/lib/gcc/arm-none-eabi/11.2.0/../../../../arm-none-eabi/lib/thumb/v7e-m+fp/hard/crt0.o (memset)
/usr/lib/gcc/arm-none-eabi/11.2.0/../../../../arm-none-eabi/lib/thumb/v7e-m+fp/hard/libc_nano.a(lib_a-strlen.o)
                              _build/nrf52840_xxaa/nrf_fprintf_format.c.o (strlen)
/usr/lib/gcc/arm-none-eabi/11.2.0/../../../../arm-none-eabi/lib/thumb/v7e-m+fp/hard/libc_nano.a(lib_a-__atexit.o)
                              /usr/lib/gcc/arm-none-eabi/11.2.0/../../../../arm-none-eabi/lib/thumb/v7e-m+fp/hard/libc_nano.a(lib_a-atexit.o) (__register_exitproc)
/usr/lib/gcc/arm-none-eabi/11.2.0/../../../../arm-none-eabi/lib/thumb/v7e-m+fp/hard/libc_nano.a(lib_a-__call_atexit.o)
                              /usr/lib/gcc/arm-none-eabi/11.2.0/../../../../arm-none-eabi/lib/thumb/v7e-m+fp/hard/libc_nano.a(lib_a-__atexit.o) (__call_exitprocs)
/usr/lib/gcc/arm-none-eabi/11.2.0/../../../../arm-none-eabi/lib/thumb/v7e-m+fp/hard/libc_nano.a(lib_a-lock.o)
                              /usr/lib/gcc/arm-none-eabi/11.2.0/../../../../arm-none-eabi/lib/thumb/v7e-m+fp/hard/libc_nano.a(lib_a-__atexit.o) (__retarget_lock_acquire_recursive)
/usr/lib/gcc/arm-none-eabi/11.2.0/../../../../arm-none-eabi/lib/thumb/v7e-m+fp/hard/libnosys.a(_exit.o)
                              /usr/lib/gcc/arm-none-eabi/11.2.0/../../../../arm-none-eabi/lib/thumb/v7e-m+fp/hard/libc_nano.a(lib_a-exit.o) (_exit)

Discarded input sections

 .text          0x0000000000000000        0x0 /usr/lib/gcc/arm-none-eabi/11.2.0/thumb/v7e-m+fp/hard/crti.o
 .data          0x0000000000000000        0x0 /usr/lib/gcc/arm-none-eabi/11.2.0/thumb/v7e-m+fp/hard/crti.o
 .bss           0x0000000000000000        0x0 /usr/lib/gcc/arm-none-eabi/11.2.0/thumb/v7e-m+fp/hard/crti.o
 .text          0x0000000000000000        0x0 /usr/lib/gcc/arm-none-eabi/11.2.0/thumb/v7e-m+fp/hard/crtbegin.o
 .data          0x0000000000000000        0x0 /usr/lib/gcc/arm-none-eabi/11.2.0/thumb/v7e-m+fp/hard/crtbegin.o
 .bss           0x0000000000000000        0x0 /usr/lib/gcc/arm-none-eabi/11.2.0/thumb/v7e-m+fp/hard/crtbegin.o
 .rodata.all_implied_fbits
                0x0000000000000000       0x24 /usr/lib/gcc/arm-none-eabi/11.2.0/thumb/v7e-m+fp/hard/crtbegin.o
 .data.__dso_handle
                0x0000000000000000        0x4 /usr/lib/gcc/arm-none-eabi/11.2.0/thumb/v7e-m+fp/hard/crtbegin.o
 .data          0x0000000000000000        0x0 /usr/lib/gcc/arm-none-eabi/11.2.0/../../../../arm-none-eabi/lib/thumb/v7e-m+fp/hard/crt0.o
 .bss           0x0000000000000000        0x0 /usr/lib/gcc/arm-none-eabi/11.2.0/../../../../arm-none-eabi/lib/thumb/v7e-m+fp/hard/crt0.o
 .ARM.extab     0x0000000000000000        0x0 /usr/lib/gcc/arm-none-eabi/11.2.0/../../../../arm-none-eabi/lib/thumb/v7e-m+fp/hard/crt0.o
 .data          0x0000000000000000        0x0 _build/nrf52840_xxaa/gcc_startup_nrf52840.S.o
 .bss           0x0000000000000000        0x0 _build/nrf52840_xxaa/gcc_startup_nrf52840.S.o
 .group         0x0000000000000000        0xc _build/nrf52840_xxaa/nrf_log_frontend.c.o
 .group         0x0000000000000000        0xc _build/nrf52840_xxaa/nrf_log_frontend.c.o
 .group         0x0000000000000000        0xc _build/nrf52840_xxaa/nrf_log_frontend.c.o
 .group         0x0000000000000000        0xc _build/nrf52840_xxaa/nrf_log_frontend.c.o
[...]
Memory Configuration

Name             Origin             Length             Attributes
FLASH            0x000000000001c000 0x0000000000064000 xr
RAM              0x0000000020001198 0x000000000001ee68 xrw
*default*        0x0000000000000000 0xffffffffffffffff

Linker script and memory map


.text           0x000000000001c000      0x900
 *(.isr_vector)
 .isr_vector    0x000000000001c000      0x200 _build/nrf52840_xxaa/gcc_startup_nrf52840.S.o
                0x000000000001c000                __isr_vector
 *(.text*)
 .text.__do_global_dtors_aux
                0x000000000001c200       0x24 /usr/lib/gcc/arm-none-eabi/11.2.0/thumb/v7e-m+fp/hard/crtbegin.o
 .text.frame_dummy
                0x000000000001c224       0x1c /usr/lib/gcc/arm-none-eabi/11.2.0/thumb/v7e-m+fp/hard/crtbegin.o
 .text          0x000000000001c240       0x70 /usr/lib/gcc/arm-none-eabi/11.2.0/../../../../arm-none-eabi/lib/thumb/v7e-m+fp/hard/crt0.o
                0x000000000001c240                _stack_init
                0x000000000001c248                _mainCRTStartup
                0x000000000001c248                _start
 .text          0x000000000001c2b0       0x3c _build/nrf52840_xxaa/gcc_startup_nrf52840.S.o
                0x000000000001c2b0                Reset_Handler
                0x000000000001c2d8                NMI_Handler
                0x000000000001c2da                HardFault_Handler
                0x000000000001c2dc                MemoryManagement_Handler
                0x000000000001c2de                BusFault_Handler
                0x000000000001c2e0                UsageFault_Handler
                0x000000000001c2e2                SVC_Handler
                0x000000000001c2e4                DebugMon_Handler
                0x000000000001c2e6                PendSV_Handler
                0x000000000001c2e8                SysTick_Handler
                0x000000000001c2ea                TIMER2_IRQHandler
                0x000000000001c2ea                RTC0_IRQHandler
                0x000000000001c2ea                SWI0_EGU0_IRQHandler
                0x000000000001c2ea                SWI2_EGU2_IRQHandler
                0x000000000001c2ea                GPIOTE_IRQHandler
                0x000000000001c2ea                PWM1_IRQHandler
                0x000000000001c2ea                POWER_CLOCK_IRQHandler
                0x000000000001c2ea                RADIO_IRQHandler
                0x000000000001c2ea                PDM_IRQHandler
                0x000000000001c2ea                TEMP_IRQHandler
                0x000000000001c2ea                QDEC_IRQHandler
                0x000000000001c2ea                TIMER3_IRQHandler
                0x000000000001c2ea                PWM3_IRQHandler
                0x000000000001c2ea                FPU_IRQHandler
                0x000000000001c2ea                USBD_IRQHandler
                0x000000000001c2ea                SPIM0_SPIS0_TWIM0_TWIS0_SPI0_TWI0_IRQHandler
                0x000000000001c2ea                UARTE0_UART0_IRQHandler
                0x000000000001c2ea                TIMER4_IRQHandler
                0x000000000001c2ea                CRYPTOCELL_IRQHandler
                0x000000000001c2ea                I2S_IRQHandler
                0x000000000001c2ea                SWI4_EGU4_IRQHandler
                0x000000000001c2ea                TIMER0_IRQHandler
                0x000000000001c2ea                UARTE1_IRQHandler
                0x000000000001c2ea                TIMER1_IRQHandler
                0x000000000001c2ea                SPIM3_IRQHandler
                0x000000000001c2ea                PWM2_IRQHandler
                0x000000000001c2ea                ECB_IRQHandler
                0x000000000001c2ea                SPIM1_SPIS1_TWIM1_TWIS1_SPI1_TWI1_IRQHandler
                0x000000000001c2ea                Default_Handler
                0x000000000001c2ea                SAADC_IRQHandler
                0x000000000001c2ea                CCM_AAR_IRQHandler
                0x000000000001c2ea                WDT_IRQHandler
                0x000000000001c2ea                SWI5_EGU5_IRQHandler
                0x000000000001c2ea                RNG_IRQHandler
                0x000000000001c2ea                RTC2_IRQHandler
                0x000000000001c2ea                PWM0_IRQHandler
                0x000000000001c2ea                SWI3_EGU3_IRQHandler
                0x000000000001c2ea                RTC1_IRQHandler
                0x000000000001c2ea                SWI1_EGU1_IRQHandler
                0x000000000001c2ea                SPIM2_SPIS2_SPI2_IRQHandler
                0x000000000001c2ea                NFCT_IRQHandler
                0x000000000001c2ea                MWU_IRQHandler
                0x000000000001c2ea                QSPI_IRQHandler
                0x000000000001c2ea                COMP_LPCOMP_IRQHandler
 .text.bsp_board_led_invert
                0x000000000001c2ec       0x34 _build/nrf52840_xxaa/boards.c.o
                0x000000000001c2ec                bsp_board_led_invert
 .text.bsp_board_init
                0x000000000001c320       0xd8 _build/nrf52840_xxaa/boards.c.o
                0x000000000001c320                bsp_board_init
 .text.startup.main
                0x000000000001c3f8       0x30 _build/nrf52840_xxaa/main.c.o
                0x000000000001c3f8                main
 .text.SystemInit
                0x000000000001c428      0x25c _build/nrf52840_xxaa/system_nrf52840.c.o
                0x000000000001c428                SystemInit
 .text.atexit   0x000000000001c684        0xc /usr/lib/gcc/arm-none-eabi/11.2.0/../../../../arm-none-eabi/lib/thumb/v7e-m+fp/hard/libc_nano.a(lib_a-atexit.o)
                0x000000000001c684                atexit
 .text.exit     0x000000000001c690       0x28 /usr/lib/gcc/arm-none-eabi/11.2.0/../../../../arm-none-eabi/lib/thumb/v7e-m+fp/hard/libc_nano.a(lib_a-exit.o)
                0x000000000001c690                exit
 .text.__libc_fini_array
                0x000000000001c6b8       0x28 /usr/lib/gcc/arm-none-eabi/11.2.0/../../../../arm-none-eabi/lib/thumb/v7e-m+fp/hard/libc_nano.a(lib_a-fini.o)
                0x000000000001c6b8                __libc_fini_array
 .text.__libc_init_array
                0x000000000001c6e0       0x48 /usr/lib/gcc/arm-none-eabi/11.2.0/../../../../arm-none-eabi/lib/thumb/v7e-m+fp/hard/libc_nano.a(lib_a-init.o)
                0x000000000001c6e0                __libc_init_array
 .text.memset   0x000000000001c728       0x10 /usr/lib/gcc/arm-none-eabi/11.2.0/../../../../arm-none-eabi/lib/thumb/v7e-m+fp/hard/libc_nano.a(lib_a-memset.o)
                0x000000000001c728                memset
 .text.__register_exitproc
                0x000000000001c738       0xc4 /usr/lib/gcc/arm-none-eabi/11.2.0/../../../../arm-none-eabi/lib/thumb/v7e-m+fp/hard/libc_nano.a(lib_a-__atexit.o)
                0x000000000001c738                __register_exitproc
 .text.__call_exitprocs
                0x000000000001c7fc       0xb8 /usr/lib/gcc/arm-none-eabi/11.2.0/../../../../arm-none-eabi/lib/thumb/v7e-m+fp/hard/libc_nano.a(lib_a-__call_atexit.o)
                0x000000000001c7fc                __call_exitprocs
 .text.__retarget_lock_acquire_recursive
                0x000000000001c8b4        0x2 /usr/lib/gcc/arm-none-eabi/11.2.0/../../../../arm-none-eabi/lib/thumb/v7e-m+fp/hard/libc_nano.a(lib_a-lock.o)
                0x000000000001c8b4                __retarget_lock_acquire_recursive
 .text.__retarget_lock_release
                0x000000000001c8b6        0x2 /usr/lib/gcc/arm-none-eabi/11.2.0/../../../../arm-none-eabi/lib/thumb/v7e-m+fp/hard/libc_nano.a(lib_a-lock.o)
                0x000000000001c8b6                __retarget_lock_release
 .text.__retarget_lock_release_recursive
                0x000000000001c8b8        0x2 /usr/lib/gcc/arm-none-eabi/11.2.0/../../../../arm-none-eabi/lib/thumb/v7e-m+fp/hard/libc_nano.a(lib_a-lock.o)
                0x000000000001c8b8                __retarget_lock_release_recursive
 *fill*         0x000000000001c8ba        0x2 
 .text._exit    0x000000000001c8bc        0x4 /usr/lib/gcc/arm-none-eabi/11.2.0/../../../../arm-none-eabi/lib/thumb/v7e-m+fp/hard/libnosys.a(_exit.o)
                0x000000000001c8bc                _exit
 *(.init)
 .init          0x000000000001c8c0        0x4 /usr/lib/gcc/arm-none-eabi/11.2.0/thumb/v7e-m+fp/hard/crti.o
                0x000000000001c8c0                _init
 .init          0x000000000001c8c4        0x8 /usr/lib/gcc/arm-none-eabi/11.2.0/thumb/v7e-m+fp/hard/crtn.o
 *(.fini)
 .fini          0x000000000001c8cc        0x4 /usr/lib/gcc/arm-none-eabi/11.2.0/thumb/v7e-m+fp/hard/crti.o
                0x000000000001c8cc                _fini
 .fini          0x000000000001c8d0        0x8 /usr/lib/gcc/arm-none-eabi/11.2.0/thumb/v7e-m+fp/hard/crtn.o
 *crtbegin.o(.ctors)
 *crtbegin?.o(.ctors)
 *(EXCLUDE_FILE(*crtend.o *crtend?.o) .ctors)
 *(SORT_BY_NAME(.ctors.*))
 *(.ctors)
 *crtbegin.o(.dtors)
 *crtbegin?.o(.dtors)
 *(EXCLUDE_FILE(*crtend.o *crtend?.o) .dtors)
 *(SORT_BY_NAME(.dtors.*))
 *(.dtors)
 *(.rodata*)
 .rodata.m_board_led_list
                0x000000000001c8d8        0x4 _build/nrf52840_xxaa/boards.c.o
 *fill*         0x000000000001c8dc        0x4 
 .rodata.delay_machine_code.0
                0x000000000001c8e0        0x6 _build/nrf52840_xxaa/main.c.o
 *fill*         0x000000000001c8e6        0x2 
 .rodata.CSWTCH.15
                0x000000000001c8e8        0x6 _build/nrf52840_xxaa/system_nrf52840.c.o
 *fill*         0x000000000001c8ee        0x2 
 .rodata.CSWTCH.6
                0x000000000001c8f0        0x6 _build/nrf52840_xxaa/system_nrf52840.c.o
 *fill*         0x000000000001c8f6        0x2 
 .rodata._global_impure_ptr
                0x000000000001c8f8        0x4 /usr/lib/gcc/arm-none-eabi/11.2.0/../../../../arm-none-eabi/lib/thumb/v7e-m+fp/hard/libc_nano.a(lib_a-impure.o)
                0x000000000001c8f8                _global_impure_ptr
 *(.eh_frame*)
 .eh_frame      0x000000000001c8fc        0x0 /usr/lib/gcc/arm-none-eabi/11.2.0/thumb/v7e-m+fp/hard/crtbegin.o
 .eh_frame      0x000000000001c8fc        0x4 /usr/lib/gcc/arm-none-eabi/11.2.0/thumb/v7e-m+fp/hard/crtend.o

.glue_7         0x000000000001c900        0x0
 .glue_7        0x000000000001c900        0x0 linker stubs

.glue_7t        0x000000000001c900        0x0
 .glue_7t       0x000000000001c900        0x0 linker stubs

.vfp11_veneer   0x000000000001c900        0x0
 .vfp11_veneer  0x000000000001c900        0x0 linker stubs

.v4_bx          0x000000000001c900        0x0
 .v4_bx         0x000000000001c900        0x0 linker stubs

.iplt           0x000000000001c900        0x0
 .iplt          0x000000000001c900        0x0 /usr/lib/gcc/arm-none-eabi/11.2.0/thumb/v7e-m+fp/hard/crtbegin.o

.mem_section_dummy_rom

.log_const_data
                0x000000000001c900        0x0
                [!provide]                        PROVIDE (__start_log_const_data = .)
 *(SORT_BY_NAME(.log_const_data*))
                [!provide]                        PROVIDE (__stop_log_const_data = .)

.log_backends   0x000000000001c900        0x0
                [!provide]                        PROVIDE (__start_log_backends = .)
 *(SORT_BY_NAME(.log_backends*))
                [!provide]                        PROVIDE (__stop_log_backends = .)

.nrf_balloc     0x000000000001c900        0x0
                [!provide]                        PROVIDE (__start_nrf_balloc = .)
 *(.nrf_balloc)
                [!provide]                        PROVIDE (__stop_nrf_balloc = .)

.ARM.extab
 *(.ARM.extab* .gnu.linkonce.armextab.*)
                0x000000000001c900                __exidx_start = .

.ARM.exidx      0x000000000001c900        0x8
 *(.ARM.exidx* .gnu.linkonce.armexidx.*)
 .ARM.exidx     0x000000000001c900        0x8 /usr/lib/gcc/arm-none-eabi/11.2.0/../../../../arm-none-eabi/lib/thumb/v7e-m+fp/hard/crt0.o
                                         0x10 (size before relaxing)
                0x000000000001c908                __exidx_end = .

.rel.dyn        0x000000000001c908        0x0
 .rel.iplt      0x000000000001c908        0x0 /usr/lib/gcc/arm-none-eabi/11.2.0/thumb/v7e-m+fp/hard/crtbegin.o
                0x000000000001c908                . = ALIGN (0x4)
                0x000000000001c908                __etext = .

.data           0x0000000020001198       0x70 load address 0x000000000001c908
                0x0000000020001198                __data_start__ = .
 *(vtable)
 *(.data*)
 .data.SystemCoreClock
                0x0000000020001198        0x4 _build/nrf52840_xxaa/system_nrf52840.c.o
                0x0000000020001198                SystemCoreClock
 .data.impure_data
                0x000000002000119c       0x60 /usr/lib/gcc/arm-none-eabi/11.2.0/../../../../arm-none-eabi/lib/thumb/v7e-m+fp/hard/libc_nano.a(lib_a-impure.o)
 .data.__atexit_recursive_mutex
                0x00000000200011fc        0x4 /usr/lib/gcc/arm-none-eabi/11.2.0/../../../../arm-none-eabi/lib/thumb/v7e-m+fp/hard/libc_nano.a(lib_a-__call_atexit.o)
                0x00000000200011fc                __atexit_recursive_mutex
                0x0000000020001200                . = ALIGN (0x4)
                0x0000000020001200                PROVIDE (__preinit_array_start = .)
 *(.preinit_array)
                0x0000000020001200                PROVIDE (__preinit_array_end = .)
                0x0000000020001200                . = ALIGN (0x4)
                0x0000000020001200                PROVIDE (__init_array_start = .)
 *(SORT_BY_NAME(.init_array.*))
 *(.init_array)
 .init_array    0x0000000020001200        0x4 /usr/lib/gcc/arm-none-eabi/11.2.0/thumb/v7e-m+fp/hard/crtbegin.o
                0x0000000020001204                PROVIDE (__init_array_end = .)
                0x0000000020001204                . = ALIGN (0x4)
                0x0000000020001204                PROVIDE (__fini_array_start = .)
 *(SORT_BY_NAME(.fini_array.*))
 *(.fini_array)
 .fini_array    0x0000000020001204        0x4 /usr/lib/gcc/arm-none-eabi/11.2.0/thumb/v7e-m+fp/hard/crtbegin.o
                0x0000000020001208                PROVIDE (__fini_array_end = .)
 *(.jcr*)
                0x0000000020001208                . = ALIGN (0x4)
                0x0000000020001208                __data_end__ = .
LOAD /usr/lib/gcc/arm-none-eabi/11.2.0/thumb/v7e-m+fp/hard/crti.o
LOAD /usr/lib/gcc/arm-none-eabi/11.2.0/thumb/v7e-m+fp/hard/crtbegin.o
LOAD /usr/lib/gcc/arm-none-eabi/11.2.0/../../../../arm-none-eabi/lib/thumb/v7e-m+fp/hard/crt0.o
LOAD _build/nrf52840_xxaa/gcc_startup_nrf52840.S.o
LOAD _build/nrf52840_xxaa/nrf_log_frontend.c.o
LOAD _build/nrf52840_xxaa/nrf_log_str_formatter.c.o
LOAD _build/nrf52840_xxaa/boards.c.o
LOAD _build/nrf52840_xxaa/app_error.c.o
LOAD _build/nrf52840_xxaa/app_error_handler_gcc.c.o
LOAD _build/nrf52840_xxaa/app_error_weak.c.o
LOAD _build/nrf52840_xxaa/app_util_platform.c.o
LOAD _build/nrf52840_xxaa/nrf_assert.c.o
LOAD _build/nrf52840_xxaa/nrf_atomic.c.o
LOAD _build/nrf52840_xxaa/nrf_balloc.c.o
LOAD _build/nrf52840_xxaa/nrf_fprintf.c.o
LOAD _build/nrf52840_xxaa/nrf_fprintf_format.c.o
LOAD _build/nrf52840_xxaa/nrf_memobj.c.o
LOAD _build/nrf52840_xxaa/nrf_ringbuf.c.o
LOAD _build/nrf52840_xxaa/nrf_strerror.c.o
LOAD _build/nrf52840_xxaa/nrfx_atomic.c.o
LOAD _build/nrf52840_xxaa/main.c.o
LOAD _build/nrf52840_xxaa/system_nrf52840.c.o
LOAD /usr/lib/gcc/arm-none-eabi/11.2.0/../../../../arm-none-eabi/lib/thumb/v7e-m+fp/hard/libc_nano.a
LOAD /usr/lib/gcc/arm-none-eabi/11.2.0/../../../../arm-none-eabi/lib/thumb/v7e-m+fp/hard/libnosys.a
LOAD /usr/lib/gcc/arm-none-eabi/11.2.0/../../../../arm-none-eabi/lib/thumb/v7e-m+fp/hard/libm.a
START GROUP
LOAD /usr/lib/gcc/arm-none-eabi/11.2.0/thumb/v7e-m+fp/hard/libgcc.a
LOAD /usr/lib/gcc/arm-none-eabi/11.2.0/../../../../arm-none-eabi/lib/thumb/v7e-m+fp/hard/libg_nano.a
LOAD /usr/lib/gcc/arm-none-eabi/11.2.0/../../../../arm-none-eabi/lib/thumb/v7e-m+fp/hard/libc_nano.a
END GROUP
START GROUP
LOAD /usr/lib/gcc/arm-none-eabi/11.2.0/thumb/v7e-m+fp/hard/libgcc.a
LOAD /usr/lib/gcc/arm-none-eabi/11.2.0/../../../../arm-none-eabi/lib/thumb/v7e-m+fp/hard/libc_nano.a
END GROUP
LOAD /usr/lib/gcc/arm-none-eabi/11.2.0/thumb/v7e-m+fp/hard/crtend.o
LOAD /usr/lib/gcc/arm-none-eabi/11.2.0/thumb/v7e-m+fp/hard/crtn.o
START GROUP
LOAD /usr/lib/gcc/arm-none-eabi/11.2.0/thumb/v7e-m+fp/hard/libgcc.a
LOAD /usr/lib/gcc/arm-none-eabi/11.2.0/../../../../arm-none-eabi/lib/thumb/v7e-m+fp/hard/libc.a
LOAD /usr/lib/gcc/arm-none-eabi/11.2.0/../../../../arm-none-eabi/lib/thumb/v7e-m+fp/hard/libnosys.a
END GROUP

.igot.plt       0x0000000020001208        0x0 load address 0x000000000001c978
 .igot.plt      0x0000000020001208        0x0 /usr/lib/gcc/arm-none-eabi/11.2.0/thumb/v7e-m+fp/hard/crtbegin.o
                0x0000000020001208                . = ALIGN (0x4)

.mem_section_dummy_ram

.log_dynamic_data
                0x0000000020001208        0x0
                [!provide]                        PROVIDE (__start_log_dynamic_data = .)
 *(SORT_BY_NAME(.log_dynamic_data*))
                [!provide]                        PROVIDE (__stop_log_dynamic_data = .)

.log_filter_data
                0x0000000020001208        0x0
                [!provide]                        PROVIDE (__start_log_filter_data = .)
 *(SORT_BY_NAME(.log_filter_data*))
                [!provide]                        PROVIDE (__stop_log_filter_data = .)

.bss            0x0000000020001208       0xb0 load address 0x000000000001c978
                0x0000000020001208                . = ALIGN (0x4)
                0x0000000020001208                __bss_start__ = .
 *(.bss*)
 .bss.completed.1
                0x0000000020001208        0x1 /usr/lib/gcc/arm-none-eabi/11.2.0/thumb/v7e-m+fp/hard/crtbegin.o
 *fill*         0x0000000020001209        0x3 
 .bss.object.0  0x000000002000120c       0x18 /usr/lib/gcc/arm-none-eabi/11.2.0/thumb/v7e-m+fp/hard/crtbegin.o
 .bss._global_atexit0
                0x0000000020001224       0x8c /usr/lib/gcc/arm-none-eabi/11.2.0/../../../../arm-none-eabi/lib/thumb/v7e-m+fp/hard/libc_nano.a(lib_a-__atexit.o)
 .bss._global_atexit
                0x00000000200012b0        0x4 /usr/lib/gcc/arm-none-eabi/11.2.0/../../../../arm-none-eabi/lib/thumb/v7e-m+fp/hard/libc_nano.a(lib_a-__call_atexit.o)
                0x00000000200012b0                _global_atexit
 .bss.__lock___atexit_recursive_mutex
                0x00000000200012b4        0x1 /usr/lib/gcc/arm-none-eabi/11.2.0/../../../../arm-none-eabi/lib/thumb/v7e-m+fp/hard/libc_nano.a(lib_a-lock.o)
                0x00000000200012b4                __lock___atexit_recursive_mutex
 *(COMMON)
                0x00000000200012b8                . = ALIGN (0x4)
 *fill*         0x00000000200012b5        0x3 
                0x00000000200012b8                __bss_end__ = .

.heap           0x00000000200012b8     0x2000
                0x00000000200012b8                __HeapBase = .
                0x00000000200012b8                __end__ = .
                [!provide]                        PROVIDE (end = .)
 *(.heap*)
 .heap          0x00000000200012b8     0x2000 _build/nrf52840_xxaa/gcc_startup_nrf52840.S.o
                0x00000000200032b8                __HeapLimit = .

.stack_dummy    0x00000000200012b8     0x2000
 *(.stack*)
 .stack         0x00000000200012b8     0x2000 _build/nrf52840_xxaa/gcc_startup_nrf52840.S.o
                0x0000000020020000                __StackTop = (ORIGIN (RAM) + LENGTH (RAM))
                0x000000002001e000                __StackLimit = (__StackTop - SIZEOF (.stack_dummy))
                0x0000000020020000                PROVIDE (__stack = __StackTop)
                0x0000000000000001                ASSERT ((__StackLimit >= __HeapLimit), region RAM overflowed with stack)
                0x0000000000000070                DataInitFlashUsed = (__bss_start__ - __data_start__)
                0x0000000000000908                CodeFlashUsed = (__etext - ORIGIN (FLASH))
                0x0000000000000978                TotalFlashUsed = (CodeFlashUsed + DataInitFlashUsed)
                0x0000000000000001                ASSERT ((TotalFlashUsed <= LENGTH (FLASH)), region FLASH overflowed with .data and user data)
OUTPUT(_build/nrf52840_xxaa.out elf32-littlearm)
LOAD linker stubs

.ARM.attributes
                0x0000000000000000       0x30
 .ARM.attributes
                0x0000000000000000       0x1e /usr/lib/gcc/arm-none-eabi/11.2.0/thumb/v7e-m+fp/hard/crti.o
 .ARM.attributes
                0x000000000000001e       0x34 /usr/lib/gcc/arm-none-eabi/11.2.0/thumb/v7e-m+fp/hard/crtbegin.o
 .ARM.attributes
                0x0000000000000052       0x1c /usr/lib/gcc/arm-none-eabi/11.2.0/../../../../arm-none-eabi/lib/thumb/v7e-m+fp/hard/crt0.o
 .ARM.attributes
                0x000000000000006e       0x20 _build/nrf52840_xxaa/gcc_startup_nrf52840.S.o
 .ARM.attributes
                0x000000000000008e       0x34 _build/nrf52840_xxaa/boards.c.o
 .ARM.attributes
                0x00000000000000c2       0x34 _build/nrf52840_xxaa/main.c.o
 .ARM.attributes
                0x00000000000000f6       0x34 _build/nrf52840_xxaa/system_nrf52840.c.o
 .ARM.attributes
                0x000000000000012a       0x34 /usr/lib/gcc/arm-none-eabi/11.2.0/../../../../arm-none-eabi/lib/thumb/v7e-m+fp/hard/libc_nano.a(lib_a-atexit.o)
 .ARM.attributes
                0x000000000000015e       0x34 /usr/lib/gcc/arm-none-eabi/11.2.0/../../../../arm-none-eabi/lib/thumb/v7e-m+fp/hard/libc_nano.a(lib_a-exit.o)
 .ARM.attributes
                0x0000000000000192       0x34 /usr/lib/gcc/arm-none-eabi/11.2.0/../../../../arm-none-eabi/lib/thumb/v7e-m+fp/hard/libc_nano.a(lib_a-fini.o)
 .ARM.attributes
                0x00000000000001c6       0x32 /usr/lib/gcc/arm-none-eabi/11.2.0/../../../../arm-none-eabi/lib/thumb/v7e-m+fp/hard/libc_nano.a(lib_a-impure.o)
 .ARM.attributes
                0x00000000000001f8       0x34 /usr/lib/gcc/arm-none-eabi/11.2.0/../../../../arm-none-eabi/lib/thumb/v7e-m+fp/hard/libc_nano.a(lib_a-init.o)
 .ARM.attributes
                0x000000000000022c       0x34 /usr/lib/gcc/arm-none-eabi/11.2.0/../../../../arm-none-eabi/lib/thumb/v7e-m+fp/hard/libc_nano.a(lib_a-memset.o)
 .ARM.attributes
                0x0000000000000260       0x34 /usr/lib/gcc/arm-none-eabi/11.2.0/../../../../arm-none-eabi/lib/thumb/v7e-m+fp/hard/libc_nano.a(lib_a-__atexit.o)
 .ARM.attributes
                0x0000000000000294       0x34 /usr/lib/gcc/arm-none-eabi/11.2.0/../../../../arm-none-eabi/lib/thumb/v7e-m+fp/hard/libc_nano.a(lib_a-__call_atexit.o)
 .ARM.attributes
                0x00000000000002c8       0x34 /usr/lib/gcc/arm-none-eabi/11.2.0/../../../../arm-none-eabi/lib/thumb/v7e-m+fp/hard/libc_nano.a(lib_a-lock.o)
 .ARM.attributes
                0x00000000000002fc       0x34 /usr/lib/gcc/arm-none-eabi/11.2.0/../../../../arm-none-eabi/lib/thumb/v7e-m+fp/hard/libnosys.a(_exit.o)
 .ARM.attributes
                0x0000000000000330       0x32 /usr/lib/gcc/arm-none-eabi/11.2.0/thumb/v7e-m+fp/hard/crtend.o
 .ARM.attributes
                0x0000000000000362       0x1e /usr/lib/gcc/arm-none-eabi/11.2.0/thumb/v7e-m+fp/hard/crtn.o

.comment        0x0000000000000000       0x1e
 .comment       0x0000000000000000       0x1e _build/nrf52840_xxaa/boards.c.o
                                         0x1f (size before relaxing)
 .comment       0x000000000000001e       0x1f _build/nrf52840_xxaa/main.c.o
 .comment       0x000000000000001e       0x1f _build/nrf52840_xxaa/system_nrf52840.c.o

.debug_line     0x0000000000000000     0x1f77
 .debug_line    0x0000000000000000       0x69 _build/nrf52840_xxaa/gcc_startup_nrf52840.S.o
 .debug_line    0x0000000000000069      0xf24 _build/nrf52840_xxaa/boards.c.o
 .debug_line    0x0000000000000f8d      0x794 _build/nrf52840_xxaa/main.c.o
 .debug_line    0x0000000000001721      0x856 _build/nrf52840_xxaa/system_nrf52840.c.o

.debug_line_str
                0x0000000000000000       0x3e
 .debug_line_str
                0x0000000000000000       0x3e _build/nrf52840_xxaa/gcc_startup_nrf52840.S.o
                                         0x7c (size before relaxing)

.debug_info     0x0000000000000000     0x302f
 .debug_info    0x0000000000000000       0x24 _build/nrf52840_xxaa/gcc_startup_nrf52840.S.o
 .debug_info    0x0000000000000024     0x1655 _build/nrf52840_xxaa/boards.c.o
 .debug_info    0x0000000000001679      0x21e _build/nrf52840_xxaa/main.c.o
 .debug_info    0x0000000000001897     0x1798 _build/nrf52840_xxaa/system_nrf52840.c.o

.debug_abbrev   0x0000000000000000      0x89f
 .debug_abbrev  0x0000000000000000       0x14 _build/nrf52840_xxaa/gcc_startup_nrf52840.S.o
 .debug_abbrev  0x0000000000000014      0x3e5 _build/nrf52840_xxaa/boards.c.o
 .debug_abbrev  0x00000000000003f9      0x166 _build/nrf52840_xxaa/main.c.o
 .debug_abbrev  0x000000000000055f      0x340 _build/nrf52840_xxaa/system_nrf52840.c.o

.debug_aranges  0x0000000000000000       0xf0
 .debug_aranges
                0x0000000000000000       0x20 _build/nrf52840_xxaa/gcc_startup_nrf52840.S.o
 .debug_aranges
                0x0000000000000020       0x78 _build/nrf52840_xxaa/boards.c.o
 .debug_aranges
                0x0000000000000098       0x20 _build/nrf52840_xxaa/main.c.o
 .debug_aranges
                0x00000000000000b8       0x38 _build/nrf52840_xxaa/system_nrf52840.c.o

.debug_str      0x0000000000000000    0x8e63c
 .debug_str     0x0000000000000000       0x5f _build/nrf52840_xxaa/gcc_startup_nrf52840.S.o
 .debug_str     0x000000000000005f    0x861f8 _build/nrf52840_xxaa/boards.c.o
                                      0x874b1 (size before relaxing)
 .debug_str     0x0000000000086257       0xb0 _build/nrf52840_xxaa/main.c.o
                                      0x86cfd (size before relaxing)
 .debug_str     0x0000000000086307     0x8335 _build/nrf52840_xxaa/system_nrf52840.c.o
                                      0x7eae2 (size before relaxing)

.debug_loclists
                0x0000000000000000      0xaf6
 .debug_loclists
                0x0000000000000000      0x93f _build/nrf52840_xxaa/boards.c.o
 .debug_loclists
                0x000000000000093f       0x5d _build/nrf52840_xxaa/main.c.o
 .debug_loclists
                0x000000000000099c      0x15a _build/nrf52840_xxaa/system_nrf52840.c.o

.debug_rnglists
                0x0000000000000000      0x1e4
 .debug_rnglists
                0x0000000000000000       0xf3 _build/nrf52840_xxaa/boards.c.o
 .debug_rnglists
                0x00000000000000f3       0x40 _build/nrf52840_xxaa/main.c.o
 .debug_rnglists
                0x0000000000000133       0xb1 _build/nrf52840_xxaa/system_nrf52840.c.o

.debug_macro    0x0000000000000000     0x2b73
 .debug_macro   0x0000000000000000      0x35c _build/nrf52840_xxaa/boards.c.o
 .debug_macro   0x000000000000035c       0xfb _build/nrf52840_xxaa/boards.c.o
 .debug_macro   0x0000000000000457       0x40 _build/nrf52840_xxaa/boards.c.o
 .debug_macro   0x0000000000000497      0x462 _build/nrf52840_xxaa/boards.c.o
 .debug_macro   0x00000000000008f9       0x59 _build/nrf52840_xxaa/boards.c.o
 .debug_macro   0x0000000000000952       0x1f _build/nrf52840_xxaa/boards.c.o
 .debug_macro   0x0000000000000971      0x154 _build/nrf52840_xxaa/boards.c.o
 .debug_macro   0x0000000000000ac5       0x3f _build/nrf52840_xxaa/boards.c.o
 .debug_macro   0x0000000000000b04       0x16 _build/nrf52840_xxaa/boards.c.o
 .debug_macro   0x0000000000000b1a       0x10 _build/nrf52840_xxaa/boards.c.o
 .debug_macro   0x0000000000000b2a       0xbe _build/nrf52840_xxaa/boards.c.o
 .debug_macro   0x0000000000000be8       0x16 _build/nrf52840_xxaa/boards.c.o
 .debug_macro   0x0000000000000bfe      0x129 _build/nrf52840_xxaa/boards.c.o
 .debug_macro   0x0000000000000d27       0x49 _build/nrf52840_xxaa/boards.c.o
 .debug_macro   0x0000000000000d70       0x8c _build/nrf52840_xxaa/boards.c.o
 .debug_macro   0x0000000000000dfc       0x19 _build/nrf52840_xxaa/boards.c.o
 .debug_macro   0x0000000000000e15       0x1d _build/nrf52840_xxaa/boards.c.o
 .debug_macro   0x0000000000000e32       0x35 _build/nrf52840_xxaa/boards.c.o
 .debug_macro   0x0000000000000e67       0x7b _build/nrf52840_xxaa/boards.c.o
 .debug_macro   0x0000000000000ee2       0x64 _build/nrf52840_xxaa/boards.c.o
 .debug_macro   0x0000000000000f46       0x20 _build/nrf52840_xxaa/boards.c.o
 .debug_macro   0x0000000000000f66       0x1c _build/nrf52840_xxaa/boards.c.o
 .debug_macro   0x0000000000000f82       0x9a _build/nrf52840_xxaa/boards.c.o
 .debug_macro   0x000000000000101c      0x16d _build/nrf52840_xxaa/boards.c.o
 .debug_macro   0x0000000000001189      0x366 _build/nrf52840_xxaa/main.c.o
 .debug_macro   0x00000000000014ef       0x22 _build/nrf52840_xxaa/main.c.o
 .debug_macro   0x0000000000001511      0x158 _build/nrf52840_xxaa/system_nrf52840.c.o
 .debug_macro   0x0000000000001669      0x44e _build/nrf52840_xxaa/system_nrf52840.c.o
 .debug_macro   0x0000000000001ab7      0xa28 _build/nrf52840_xxaa/system_nrf52840.c.o
 .debug_macro   0x00000000000024df      0x520 _build/nrf52840_xxaa/system_nrf52840.c.o
 .debug_macro   0x00000000000029ff      0x164 _build/nrf52840_xxaa/system_nrf52840.c.o
 .debug_macro   0x0000000000002b63       0x10 _build/nrf52840_xxaa/system_nrf52840.c.o

.debug_frame    0x0000000000000000      0x394
 .debug_frame   0x0000000000000000       0xf4 _build/nrf52840_xxaa/boards.c.o
 .debug_frame   0x00000000000000f4       0x2c _build/nrf52840_xxaa/main.c.o
 .debug_frame   0x0000000000000120       0x5c _build/nrf52840_xxaa/system_nrf52840.c.o
 .debug_frame   0x000000000000017c       0x20 /usr/lib/gcc/arm-none-eabi/11.2.0/../../../../arm-none-eabi/lib/thumb/v7e-m+fp/hard/libc_nano.a(lib_a-atexit.o)
 .debug_frame   0x000000000000019c       0x28 /usr/lib/gcc/arm-none-eabi/11.2.0/../../../../arm-none-eabi/lib/thumb/v7e-m+fp/hard/libc_nano.a(lib_a-exit.o)
 .debug_frame   0x00000000000001c4       0x38 /usr/lib/gcc/arm-none-eabi/11.2.0/../../../../arm-none-eabi/lib/thumb/v7e-m+fp/hard/libc_nano.a(lib_a-fini.o)
 .debug_frame   0x00000000000001fc       0x2c /usr/lib/gcc/arm-none-eabi/11.2.0/../../../../arm-none-eabi/lib/thumb/v7e-m+fp/hard/libc_nano.a(lib_a-init.o)
 .debug_frame   0x0000000000000228       0x20 /usr/lib/gcc/arm-none-eabi/11.2.0/../../../../arm-none-eabi/lib/thumb/v7e-m+fp/hard/libc_nano.a(lib_a-memset.o)
 .debug_frame   0x0000000000000248       0x34 /usr/lib/gcc/arm-none-eabi/11.2.0/../../../../arm-none-eabi/lib/thumb/v7e-m+fp/hard/libc_nano.a(lib_a-__atexit.o)
 .debug_frame   0x000000000000027c       0x48 /usr/lib/gcc/arm-none-eabi/11.2.0/../../../../arm-none-eabi/lib/thumb/v7e-m+fp/hard/libc_nano.a(lib_a-__call_atexit.o)
 .debug_frame   0x00000000000002c4       0xb0 /usr/lib/gcc/arm-none-eabi/11.2.0/../../../../arm-none-eabi/lib/thumb/v7e-m+fp/hard/libc_nano.a(lib_a-lock.o)
 .debug_frame   0x0000000000000374       0x20 /usr/lib/gcc/arm-none-eabi/11.2.0/../../../../arm-none-eabi/lib/thumb/v7e-m+fp/hard/libnosys.a(_exit.o)
